\BOOKMARK [1][-]{section.1}{\376\377\000I\000n\000t\000r\000o\000d\000u\000\347\000\343\000o}{}% 1
\BOOKMARK [1][-]{section.2}{\376\377\000M\000e\000t\000o\000d\000o\000l\000o\000g\000i\000a}{}% 2
\BOOKMARK [2][-]{subsection.2.1}{\376\377\000S\000e\000l\000e\000\347\000\343\000o\000\040\000d\000e\000\040\000R\000e\000p\000o\000s\000i\000t\000\363\000r\000i\000o\000s}{section.2}% 3
\BOOKMARK [2][-]{subsection.2.2}{\376\377\000S\000e\000l\000e\000\347\000\343\000o\000\040\000d\000e\000\040\000P\000u\000l\000l\000\040\000R\000e\000q\000u\000e\000s\000t\000s}{section.2}% 4
\BOOKMARK [2][-]{subsection.2.3}{\376\377\000M\000\351\000t\000r\000i\000c\000a\000s}{section.2}% 5
\BOOKMARK [2][-]{subsection.2.4}{\376\377\000T\000e\000s\000t\000e\000s\000\040\000E\000s\000t\000a\000t\000\355\000s\000t\000i\000c\000o\000s}{section.2}% 6
\BOOKMARK [2][-]{subsection.2.5}{\376\377\000V\000i\000s\000u\000a\000l\000i\000z\000a\000\347\000\365\000e\000s}{section.2}% 7
\BOOKMARK [1][-]{section.3}{\376\377\000R\000e\000s\000u\000l\000t\000a\000d\000o\000s}{}% 8
\BOOKMARK [2][-]{subsection.3.1}{\376\377\000E\000s\000t\000a\000t\000\355\000s\000t\000i\000c\000a\000s\000\040\000D\000e\000s\000c\000r\000i\000t\000i\000v\000a\000s}{section.3}% 9
\BOOKMARK [2][-]{subsection.3.2}{\376\377\000C\000o\000r\000r\000e\000l\000a\000\347\000\365\000e\000s\000\040\000p\000o\000r\000\040\000Q\000u\000e\000s\000t\000\343\000o\000\040\000d\000e\000\040\000P\000e\000s\000q\000u\000i\000s\000a}{section.3}% 10
\BOOKMARK [2][-]{subsection.3.3}{\376\377\000D\000i\000m\000e\000n\000s\000\343\000o\000\040\000A\000:\000\040\000S\000t\000a\000t\000u\000s\000\040\000d\000o\000\040\000P\000R}{section.3}% 11
\BOOKMARK [3][-]{subsubsection.3.3.1}{\376\377\000R\000Q\0000\0001\000\040\040\023\000\040\000T\000a\000m\000a\000n\000h\000o\000\040\000v\000s\000.\000\040\000S\000t\000a\000t\000u\000s}{subsection.3.3}% 12
\BOOKMARK [3][-]{subsubsection.3.3.2}{\376\377\000R\000Q\0000\0002\000\040\040\023\000\040\000T\000e\000m\000p\000o\000\040\000d\000e\000\040\000A\000n\000\341\000l\000i\000s\000e\000\040\000v\000s\000.\000\040\000S\000t\000a\000t\000u\000s}{subsection.3.3}% 13
\BOOKMARK [3][-]{subsubsection.3.3.3}{\376\377\000R\000Q\0000\0003\000\040\040\023\000\040\000D\000e\000s\000c\000r\000i\000\347\000\343\000o\000\040\000v\000s\000.\000\040\000S\000t\000a\000t\000u\000s}{subsection.3.3}% 14
\BOOKMARK [3][-]{subsubsection.3.3.4}{\376\377\000R\000Q\0000\0004\000\040\040\023\000\040\000P\000a\000r\000t\000i\000c\000i\000p\000a\000n\000t\000e\000s\000\040\000v\000s\000.\000\040\000S\000t\000a\000t\000u\000s}{subsection.3.3}% 15
\BOOKMARK [2][-]{subsection.3.4}{\376\377\000D\000i\000m\000e\000n\000s\000\343\000o\000\040\000B\000:\000\040\000N\000\372\000m\000e\000r\000o\000\040\000d\000e\000\040\000R\000e\000v\000i\000s\000\365\000e\000s}{section.3}% 16
\BOOKMARK [3][-]{subsubsection.3.4.1}{\376\377\000R\000Q\0000\0005\000\040\040\023\000\040\000T\000a\000m\000a\000n\000h\000o\000\040\000v\000s\000.\000\040\000R\000e\000v\000i\000s\000\365\000e\000s}{subsection.3.4}% 17
\BOOKMARK [3][-]{subsubsection.3.4.2}{\376\377\000R\000Q\0000\0006\000\040\040\023\000\040\000T\000e\000m\000p\000o\000\040\000v\000s\000.\000\040\000R\000e\000v\000i\000s\000\365\000e\000s}{subsection.3.4}% 18
\BOOKMARK [3][-]{subsubsection.3.4.3}{\376\377\000R\000Q\0000\0007\000\040\040\023\000\040\000D\000e\000s\000c\000r\000i\000\347\000\343\000o\000\040\000v\000s\000.\000\040\000R\000e\000v\000i\000s\000\365\000e\000s}{subsection.3.4}% 19
\BOOKMARK [2][-]{subsection.3.5}{\376\377\000M\000a\000t\000r\000i\000z\000\040\000d\000e\000\040\000C\000o\000r\000r\000e\000l\000a\000\347\000\343\000o}{section.3}% 20
\BOOKMARK [2][-]{subsection.3.6}{\376\377\000D\000i\000s\000t\000r\000i\000b\000u\000i\000\347\000\365\000e\000s\000\040\000G\000e\000r\000a\000i\000s}{section.3}% 21
\BOOKMARK [2][-]{subsection.3.7}{\376\377\000R\000e\000v\000i\000s\000\365\000e\000s\000\040\000p\000o\000r\000\040\000S\000t\000a\000t\000u\000s}{section.3}% 22
\BOOKMARK [1][-]{section.4}{\376\377\000D\000i\000s\000c\000u\000s\000s\000\343\000o}{}% 23
\BOOKMARK [1][-]{section.5}{\376\377\000C\000o\000n\000c\000l\000u\000s\000\343\000o}{}% 24
